[2021-12-31T18:36:02.953+0000][0.011s] Heap region size: 1M
[2021-12-31T18:36:02.964+0000][0.022s] Using G1
[2021-12-31T18:36:02.967+0000][0.025s] Heap address: 0x00000000e0000000, size: 512 MB, Compressed Oops mode: 32-bit
[2021-12-31T18:36:02.970+0000][0.027s] Mark closed archive regions in map: [0x00000000ffe00000, 0x00000000ffe63ff8]
[2021-12-31T18:36:02.973+0000][0.030s] Mark open archive regions in map: [0x00000000ffc00000, 0x00000000ffc41ff8]
[2021-12-31T18:36:03.202+0000][0.259s] GC(0) Pause Young (Normal) (G1 Evacuation Pause)
[2021-12-31T18:36:03.203+0000][0.261s] GC(0) Using 4 workers of 4 for evacuation
[2021-12-31T18:36:03.211+0000][0.268s] GC(0)   Pre Evacuate Collection Set: 0.0ms
[2021-12-31T18:36:03.212+0000][0.269s] GC(0)   Evacuate Collection Set: 4.9ms
[2021-12-31T18:36:03.212+0000][0.270s] GC(0)   Post Evacuate Collection Set: 1.5ms
[2021-12-31T18:36:03.213+0000][0.270s] GC(0)   Other: 2.5ms
[2021-12-31T18:36:03.214+0000][0.271s] GC(0) Eden regions: 25->0(304)
[2021-12-31T18:36:03.214+0000][0.272s] GC(0) Survivor regions: 0->3(4)
[2021-12-31T18:36:03.215+0000][0.272s] GC(0) Old regions: 2->2
[2021-12-31T18:36:03.215+0000][0.273s] GC(0) Humongous regions: 0->0
[2021-12-31T18:36:03.216+0000][0.273s] GC(0) Metaspace: 5444K->5444K(1056768K)
[2021-12-31T18:36:03.216+0000][0.274s] GC(0) Pause Young (Normal) (G1 Evacuation Pause) 25M->3M(512M) 14.636ms
[2021-12-31T18:36:03.217+0000][0.274s] GC(0) User=0.02s Sys=0.00s Real=0.02s
[2021-12-31T18:36:03.849+0000][0.906s] GC(1) Pause Young (Concurrent Start) (Metadata GC Threshold)
[2021-12-31T18:36:03.850+0000][0.907s] GC(1) Using 4 workers of 4 for evacuation
[2021-12-31T18:36:03.868+0000][0.925s] GC(1)   Pre Evacuate Collection Set: 0.1ms
[2021-12-31T18:36:03.869+0000][0.926s] GC(1)   Evacuate Collection Set: 15.8ms
[2021-12-31T18:36:03.870+0000][0.927s] GC(1)   Post Evacuate Collection Set: 0.9ms
[2021-12-31T18:36:03.871+0000][0.928s] GC(1)   Other: 2.2ms
[2021-12-31T18:36:03.871+0000][0.929s] GC(1) Eden regions: 98->0(55)
[2021-12-31T18:36:03.872+0000][0.929s] GC(1) Survivor regions: 3->18(18)
[2021-12-31T18:36:03.873+0000][0.930s] GC(1) Old regions: 2->4
[2021-12-31T18:36:03.873+0000][0.931s] GC(1) Humongous regions: 4->4
[2021-12-31T18:36:03.874+0000][0.931s] GC(1) Metaspace: 20455K->20455K(1069056K)
[2021-12-31T18:36:03.874+0000][0.932s] GC(1) Pause Young (Concurrent Start) (Metadata GC Threshold) 104M->23M(512M) 25.917ms
[2021-12-31T18:36:03.875+0000][0.932s] GC(1) User=0.05s Sys=0.00s Real=0.03s
[2021-12-31T18:36:03.876+0000][0.933s] GC(2) Concurrent Cycle
[2021-12-31T18:36:03.877+0000][0.934s] GC(2) Concurrent Clear Claimed Marks
[2021-12-31T18:36:03.877+0000][0.935s] GC(2) Concurrent Clear Claimed Marks 0.580ms
[2021-12-31T18:36:03.878+0000][0.935s] GC(2) Concurrent Scan Root Regions
[2021-12-31T18:36:03.883+0000][0.940s] GC(2) Concurrent Scan Root Regions 4.966ms
[2021-12-31T18:36:03.884+0000][0.941s] GC(2) Concurrent Mark (0.941s)
[2021-12-31T18:36:03.884+0000][0.942s] GC(2) Concurrent Mark From Roots
[2021-12-31T18:36:03.885+0000][0.942s] GC(2) Using 1 workers of 1 for marking
[2021-12-31T18:36:03.890+0000][0.947s] GC(2) Concurrent Mark From Roots 5.544ms
[2021-12-31T18:36:03.891+0000][0.948s] GC(2) Concurrent Preclean
[2021-12-31T18:36:03.892+0000][0.949s] GC(2) Concurrent Preclean 0.831ms
[2021-12-31T18:36:03.893+0000][0.950s] GC(2) Concurrent Mark (0.941s, 0.950s) 8.736ms
[2021-12-31T18:36:03.893+0000][0.951s] GC(2) Pause Remark
[2021-12-31T18:36:03.896+0000][0.953s] GC(2) Cleaned string and symbol table, strings: 9069 processed, 0 removed, symbols: 61345 processed, 40 removed
[2021-12-31T18:36:03.897+0000][0.954s] GC(2) Pause Remark 25M->25M(512M) 3.179ms
[2021-12-31T18:36:03.897+0000][0.955s] GC(2) User=0.01s Sys=0.00s Real=0.01s
[2021-12-31T18:36:03.898+0000][0.956s] GC(2) Concurrent Rebuild Remembered Sets
[2021-12-31T18:36:03.901+0000][0.959s] GC(2) Concurrent Rebuild Remembered Sets 3.073ms
[2021-12-31T18:36:03.902+0000][0.960s] GC(2) Pause Cleanup
[2021-12-31T18:36:03.903+0000][0.961s] GC(2) Pause Cleanup 25M->25M(512M) 0.918ms
[2021-12-31T18:36:03.904+0000][0.962s] GC(2) User=0.00s Sys=0.00s Real=0.01s
[2021-12-31T18:36:03.906+0000][0.963s] GC(2) Concurrent Cleanup for Next Mark
[2021-12-31T18:36:03.907+0000][0.964s] GC(2) Concurrent Cleanup for Next Mark 1.200ms
[2021-12-31T18:36:03.908+0000][0.965s] GC(2) Concurrent Cycle 31.879ms
[2021-12-31T18:36:04.234+0000][1.291s] GC(3) Pause Young (Concurrent Start) (G1 Evacuation Pause)
[2021-12-31T18:36:04.234+0000][1.292s] GC(3) Using 4 workers of 4 for evacuation
[2021-12-31T18:36:04.250+0000][1.308s] GC(3)   Pre Evacuate Collection Set: 0.1ms
[2021-12-31T18:36:04.251+0000][1.309s] GC(3)   Evacuate Collection Set: 14.1ms
[2021-12-31T18:36:04.252+0000][1.310s] GC(3)   Post Evacuate Collection Set: 0.3ms
[2021-12-31T18:36:04.253+0000][1.310s] GC(3)   Other: 2.1ms
[2021-12-31T18:36:04.254+0000][1.311s] GC(3) Eden regions: 42->0(63)
[2021-12-31T18:36:04.255+0000][1.313s] GC(3) Survivor regions: 18->2(8)
[2021-12-31T18:36:04.256+0000][1.313s] GC(3) Old regions: 4->21
[2021-12-31T18:36:04.257+0000][1.314s] GC(3) Humongous regions: 4->4
[2021-12-31T18:36:04.258+0000][1.315s] GC(3) Metaspace: 22532K->22532K(1069056K)
[2021-12-31T18:36:04.258+0000][1.316s] GC(3) Pause Young (Concurrent Start) (G1 Evacuation Pause) 65M->25M(512M) 24.749ms
[2021-12-31T18:36:04.259+0000][1.316s] GC(3) User=0.05s Sys=0.01s Real=0.03s
[2021-12-31T18:36:04.259+0000][1.317s] GC(4) Concurrent Cycle
[2021-12-31T18:36:04.260+0000][1.318s] GC(4) Concurrent Clear Claimed Marks
[2021-12-31T18:36:04.261+0000][1.318s] GC(4) Concurrent Clear Claimed Marks 0.519ms
[2021-12-31T18:36:04.261+0000][1.318s] GC(4) Concurrent Scan Root Regions
[2021-12-31T18:36:04.262+0000][1.319s] GC(4) Concurrent Scan Root Regions 0.976ms
[2021-12-31T18:36:04.262+0000][1.320s] GC(4) Concurrent Mark (1.320s)
[2021-12-31T18:36:04.263+0000][1.320s] GC(4) Concurrent Mark From Roots
[2021-12-31T18:36:04.264+0000][1.321s] GC(4) Using 1 workers of 1 for marking
[2021-12-31T18:36:04.280+0000][1.337s] GC(4) Concurrent Mark From Roots 16.581ms
[2021-12-31T18:36:04.281+0000][1.338s] GC(4) Concurrent Preclean
[2021-12-31T18:36:04.282+0000][1.339s] GC(4) Concurrent Preclean 0.896ms
[2021-12-31T18:36:04.282+0000][1.340s] GC(4) Concurrent Mark (1.320s, 1.340s) 19.944ms
[2021-12-31T18:36:04.283+0000][1.341s] GC(4) Pause Remark
[2021-12-31T18:36:04.286+0000][1.343s] GC(4) Cleaned string and symbol table, strings: 9553 processed, 0 removed, symbols: 65755 processed, 5 removed
[2021-12-31T18:36:04.287+0000][1.344s] GC(4) Pause Remark 30M->30M(512M) 3.246ms
[2021-12-31T18:36:04.287+0000][1.345s] GC(4) User=0.01s Sys=0.00s Real=0.01s
[2021-12-31T18:36:04.288+0000][1.346s] GC(4) Concurrent Rebuild Remembered Sets
[2021-12-31T18:36:04.302+0000][1.360s] GC(4) Concurrent Rebuild Remembered Sets 13.946ms
[2021-12-31T18:36:04.303+0000][1.361s] GC(4) Pause Cleanup
[2021-12-31T18:36:04.304+0000][1.362s] GC(4) Pause Cleanup 31M->31M(512M) 0.861ms
[2021-12-31T18:36:04.305+0000][1.362s] GC(4) User=0.00s Sys=0.01s Real=0.01s
[2021-12-31T18:36:04.305+0000][1.363s] GC(4) Concurrent Cleanup for Next Mark
[2021-12-31T18:36:04.307+0000][1.364s] GC(4) Concurrent Cleanup for Next Mark 1.101ms
[2021-12-31T18:36:04.307+0000][1.365s] GC(4) Concurrent Cycle 47.875ms
[2021-12-31T18:36:04.632+0000][1.689s] GC(5) Pause Young (Normal) (G1 Evacuation Pause)
[2021-12-31T18:36:04.633+0000][1.690s] GC(5) Using 4 workers of 4 for evacuation
[2021-12-31T18:36:04.637+0000][1.695s] GC(5)   Pre Evacuate Collection Set: 0.0ms
[2021-12-31T18:36:04.638+0000][1.696s] GC(5)   Evacuate Collection Set: 3.3ms
[2021-12-31T18:36:04.639+0000][1.696s] GC(5)   Post Evacuate Collection Set: 0.6ms
[2021-12-31T18:36:04.639+0000][1.697s] GC(5)   Other: 1.6ms
[2021-12-31T18:36:04.640+0000][1.697s] GC(5) Eden regions: 63->0(87)
[2021-12-31T18:36:04.641+0000][1.698s] GC(5) Survivor regions: 2->5(9)
[2021-12-31T18:36:04.641+0000][1.699s] GC(5) Old regions: 21->21
[2021-12-31T18:36:04.642+0000][1.699s] GC(5) Humongous regions: 4->4
[2021-12-31T18:36:04.642+0000][1.700s] GC(5) Metaspace: 30523K->30523K(1077248K)
[2021-12-31T18:36:04.643+0000][1.701s] GC(5) Pause Young (Normal) (G1 Evacuation Pause) 88M->27M(512M) 11.244ms
[2021-12-31T18:36:04.644+0000][1.702s] GC(5) User=0.01s Sys=0.00s Real=0.02s
[2021-12-31T18:36:20.414+0000][17.471s] GC(6) Pause Young (Concurrent Start) (Metadata GC Threshold)
[2021-12-31T18:36:20.416+0000][17.472s] GC(6) Using 4 workers of 4 for evacuation
[2021-12-31T18:36:20.434+0000][17.490s] GC(6)   Pre Evacuate Collection Set: 0.3ms
[2021-12-31T18:36:20.435+0000][17.491s] GC(6)   Evacuate Collection Set: 14.7ms
[2021-12-31T18:36:20.436+0000][17.492s] GC(6)   Post Evacuate Collection Set: 1.5ms
[2021-12-31T18:36:20.436+0000][17.492s] GC(6)   Other: 3.0ms
[2021-12-31T18:36:20.437+0000][17.493s] GC(6) Eden regions: 74->0(109)
[2021-12-31T18:36:20.437+0000][17.493s] GC(6) Survivor regions: 5->9(12)
[2021-12-31T18:36:20.438+0000][17.494s] GC(6) Old regions: 21->21
[2021-12-31T18:36:20.438+0000][17.494s] GC(6) Humongous regions: 5->4
[2021-12-31T18:36:20.439+0000][17.495s] GC(6) Metaspace: 38370K->38370K(1083392K)
[2021-12-31T18:36:20.439+0000][17.496s] GC(6) Pause Young (Concurrent Start) (Metadata GC Threshold) 102M->32M(512M) 24.996ms
[2021-12-31T18:36:20.440+0000][17.496s] GC(6) User=0.06s Sys=0.01s Real=0.03s
[2021-12-31T18:36:20.440+0000][17.497s] GC(7) Concurrent Cycle
[2021-12-31T18:36:20.441+0000][17.497s] GC(7) Concurrent Clear Claimed Marks
[2021-12-31T18:36:20.442+0000][17.498s] GC(7) Concurrent Clear Claimed Marks 0.794ms
[2021-12-31T18:36:20.443+0000][17.499s] GC(7) Concurrent Scan Root Regions
[2021-12-31T18:36:20.447+0000][17.504s] GC(7) Concurrent Scan Root Regions 4.446ms
[2021-12-31T18:36:20.448+0000][17.504s] GC(7) Concurrent Mark (17.504s)
[2021-12-31T18:36:20.449+0000][17.505s] GC(7) Concurrent Mark From Roots
[2021-12-31T18:36:20.450+0000][17.506s] GC(7) Using 1 workers of 1 for marking
[2021-12-31T18:36:20.473+0000][17.529s] GC(7) Concurrent Mark From Roots 24.067ms
[2021-12-31T18:36:20.476+0000][17.532s] GC(7) Concurrent Preclean
[2021-12-31T18:36:20.476+0000][17.532s] GC(7) Concurrent Preclean 0.761ms
[2021-12-31T18:36:20.480+0000][17.536s] GC(7) Concurrent Mark (17.504s, 17.536s) 32.043ms
[2021-12-31T18:36:20.481+0000][17.537s] GC(7) Pause Remark
[2021-12-31T18:36:20.486+0000][17.542s] GC(7) Cleaned string and symbol table, strings: 17914 processed, 27 removed, symbols: 109429 processed, 123 removed
[2021-12-31T18:36:20.487+0000][17.543s] GC(7) Pause Remark 34M->34M(512M) 5.824ms
[2021-12-31T18:36:20.488+0000][17.544s] GC(7) User=0.01s Sys=0.00s Real=0.01s
[2021-12-31T18:36:20.489+0000][17.545s] GC(7) Concurrent Rebuild Remembered Sets
[2021-12-31T18:36:20.502+0000][17.558s] GC(7) Concurrent Rebuild Remembered Sets 13.279ms
[2021-12-31T18:36:20.503+0000][17.559s] GC(7) Pause Cleanup
[2021-12-31T18:36:20.504+0000][17.560s] GC(7) Pause Cleanup 34M->34M(512M) 0.904ms
[2021-12-31T18:36:20.505+0000][17.561s] GC(7) User=0.00s Sys=0.00s Real=0.00s
[2021-12-31T18:36:20.505+0000][17.561s] GC(7) Concurrent Cleanup for Next Mark
[2021-12-31T18:36:20.511+0000][17.567s] GC(7) Concurrent Cleanup for Next Mark 5.974ms
[2021-12-31T18:36:20.514+0000][17.570s] GC(7) Concurrent Cycle 73.427ms
[2021-12-31T18:36:20.992+0000][18.048s] GC(8) Pause Young (Normal) (G1 Evacuation Pause)
[2021-12-31T18:36:20.994+0000][18.050s] GC(8) Using 4 workers of 4 for evacuation
[2021-12-31T18:36:21.010+0000][18.066s] GC(8)   Pre Evacuate Collection Set: 0.0ms
[2021-12-31T18:36:21.011+0000][18.067s] GC(8)   Evacuate Collection Set: 14.4ms
[2021-12-31T18:36:21.012+0000][18.068s] GC(8)   Post Evacuate Collection Set: 0.5ms
[2021-12-31T18:36:21.014+0000][18.070s] GC(8)   Other: 2.9ms
[2021-12-31T18:36:21.015+0000][18.071s] GC(8) Eden regions: 109->0(170)
[2021-12-31T18:36:21.016+0000][18.072s] GC(8) Survivor regions: 9->9(15)
[2021-12-31T18:36:21.017+0000][18.073s] GC(8) Old regions: 21->25
[2021-12-31T18:36:21.018+0000][18.074s] GC(8) Humongous regions: 4->4
[2021-12-31T18:36:21.019+0000][18.075s] GC(8) Metaspace: 44152K->44152K(1089536K)
[2021-12-31T18:36:21.020+0000][18.076s] GC(8) Pause Young (Normal) (G1 Evacuation Pause) 141M->35M(512M) 27.443ms
[2021-12-31T18:36:21.020+0000][18.077s] GC(8) User=0.05s Sys=0.00s Real=0.03s
